src/pages/normativa/GuidaPage.tsx(37,35): error TS18048: 'selectedScheda.idPareriAranCollegati' is possibly 'undefined'.
src/pages/normativa/IndiceAnaliticoPage.tsx(42,30): error TS6133: 'articleId' is declared but its value is never read.
src/pages/normativa/RicercaNormativaPage.tsx(8,21): error TS2352: Conversion of type '{ type: string; id: string; searchContext: string; title: string; }[]' to type 'NormativaIndexEntry[]' may be a mistake because neither type sufficiently overlaps with the other. If this was intentional, convert the expression to 'unknown' first.
  Type '{ type: string; id: string; searchContext: string; title: string; }' is missing the following properties from type 'NormativaIndexEntry': text, keywords
src/pages/normativa/RicercaNormativaPage.tsx(138,18): error TS2304: Cannot find name 'Search'.
